===== hero_table debug =====
hero_table[0]: id=0 name=feixiao skill_count=1
  skills[0]: 斧钺 (type=0)
hero_table[1]: id=1 name=zhaoyun skill_count=2
  skills[0]: 龙胆 (type=2)
  skills[1]: 虎威 (type=0)
hero_table[2]: id=2 name=gilgamesh skill_count=3
  skills[0]: 所见 (type=2)
  skills[1]: 乖离 (type=2)
  skills[2]: 天辟 (type=2)
hero_table[3]: id=3 name=linyuxia skill_count=3
  skills[0]: 琉璃 (type=0)
  skills[1]: 玉盏 (type=2)
  skills[2]: 凝盾 (type=0)
hero_table[4]: id=4 name=paladin skill_count=2
  skills[0]: 神圣护盾 (type=0)
  skills[1]: 破灭护盾 (type=2)
hero_table[5]: id=5 name=yudie skill_count=3
  skills[0]: 破茧 (type=0)
  skills[1]: 飞舞 (type=2)
  skills[2]: 成蝶 (type=0)
hero_table[6]: id=6 name=liuying skill_count=4
  skills[0]: 完全燃烧 (type=0)
  skills[1]: 迸发 (type=2)
  skills[2]: 过载 (type=0)
  skills[3]: 超新星燃烧 (type=2)
hero_table[7]: id=7 name=镜流 skill_count=4
  skills[0]: 狂乱 (type=0)
  skills[1]: 无罅飞光 (type=2)
  skills[2]: 古镜照神 (type=2)
  skills[3]: 魔阴 (type=0)
============================
